// Jest Snapshot v1, https://goo.gl/fbAQLP

exports[`renders components/suggestion/demo/basic.tsx extend context correctly 1`] = `
Array [
  <div
    class="ant-suggestion ant-suggestion-wrapper css-var-rb"
  >
    <div
      class="ant-sender css-var-rb"
    >
      <textarea
        class="ant-input ant-input-outlined css-var-rb ant-input-css-var ant-sender-input"
        placeholder="输入 / 获取建议"
        style="resize: none; height: -110px; max-height: -110px;"
      />
      <div
        class="ant-sender-actions-list"
      >
        <div
          class="ant-space ant-space-horizontal ant-space-align-center ant-space-gap-row-small ant-space-gap-col-small css-var-rb"
        >
          <div
            class="ant-space-item"
          >
            <button
              class="ant-btn css-var-rb ant-btn-text ant-btn-color-default ant-btn-variant-text ant-btn-icon-only ant-sender-actions-btn"
              disabled=""
              type="button"
            >
              <span
                class="ant-btn-icon"
              >
                <span
                  aria-label="clear"
                  class="anticon anticon-clear"
                  role="img"
                >
                  <svg
                    aria-hidden="true"
                    data-icon="clear"
                    fill="currentColor"
                    focusable="false"
                    height="1em"
                    viewBox="64 64 896 896"
                    width="1em"
                  >
                    <defs>
                      <style />
                    </defs>
                    <path
                      d="M899.1 869.6l-53-305.6H864c14.4 0 26-11.6 26-26V346c0-14.4-11.6-26-26-26H618V138c0-14.4-11.6-26-26-26H432c-14.4 0-26 11.6-26 26v182H160c-14.4 0-26 11.6-26 26v192c0 14.4 11.6 26 26 26h17.9l-53 305.6a25.95 25.95 0 0025.6 30.4h723c1.5 0 3-.1 4.4-.4a25.88 25.88 0 0021.2-30zM204 390h272V182h72v208h272v104H204V390zm468 440V674c0-4.4-3.6-8-8-8h-48c-4.4 0-8 3.6-8 8v156H416V674c0-4.4-3.6-8-8-8h-48c-4.4 0-8 3.6-8 8v156H202.8l45.1-260H776l45.1 260H672z"
                    />
                  </svg>
                </span>
              </span>
            </button>
          </div>
          <div
            class="ant-space-item"
          >
            <button
              class="ant-btn css-var-rb ant-btn-text ant-btn-color-default ant-btn-variant-text ant-btn-icon-only ant-sender-actions-btn"
              disabled=""
              type="button"
            >
              <span
                class="ant-btn-icon"
              >
                <span
                  aria-label="send"
                  class="anticon anticon-send"
                  role="img"
                >
                  <svg
                    aria-hidden="true"
                    data-icon="send"
                    fill="currentColor"
                    focusable="false"
                    height="1em"
                    viewBox="64 64 896 896"
                    width="1em"
                  >
                    <defs>
                      <style />
                    </defs>
                    <path
                      d="M931.4 498.9L94.9 79.5c-3.4-1.7-7.3-2.1-11-1.2a15.99 15.99 0 00-11.7 19.3l86.2 352.2c1.3 5.3 5.2 9.6 10.4 11.3l147.7 50.7-147.6 50.7c-5.2 1.8-9.1 6-10.3 11.3L72.2 926.5c-.9 3.7-.5 7.6 1.2 10.9 3.9 7.9 13.5 11.1 21.5 7.2l836.5-417c3.1-1.5 5.6-4.1 7.2-7.1 3.9-8 .7-17.6-7.2-21.6zM170.8 826.3l50.3-205.6 295.2-101.3c2.3-.8 4.2-2.6 5-5 1.4-4.2-.8-8.7-5-10.2L221.1 403 171 198.2l628 314.9-628.2 313.2z"
                    />
                  </svg>
                </span>
              </span>
            </button>
          </div>
        </div>
      </div>
    </div>
  </div>,
  <div
    class="ant-select-dropdown ant-slide-up-appear ant-slide-up-appear-prepare ant-slide-up ant-cascader-dropdown ant-suggestion css-var-rb ant-select-css-var ant-cascader-css-var css-var-rb ant-select-dropdown-placement-topLeft"
    style="--arrow-x: 0px; --arrow-y: 0px; left: -1000vw; top: -1000vh; right: auto; bottom: auto; box-sizing: border-box; min-width: auto;"
  >
    <div>
      <div
        class="ant-cascader-menus"
      >
        <ul
          class="ant-cascader-menu"
          role="menu"
        >
          <li
            aria-checked="false"
            class="ant-cascader-menu-item"
            data-path-key="report"
            role="menuitemcheckbox"
            title="Write a report"
          >
            <div
              class="ant-cascader-menu-item-content"
            >
              <div
                class="ant-suggestion-item ant-flex css-var-rb"
              >
                Write a report
              </div>
            </div>
          </li>
          <li
            aria-checked="false"
            class="ant-cascader-menu-item"
            data-path-key="draw"
            role="menuitemcheckbox"
            title="Draw a picture"
          >
            <div
              class="ant-cascader-menu-item-content"
            >
              <div
                class="ant-suggestion-item ant-flex css-var-rb"
              >
                Draw a picture
              </div>
            </div>
          </li>
          <li
            aria-checked="false"
            class="ant-cascader-menu-item ant-cascader-menu-item-expand"
            data-path-key="knowledge"
            role="menuitemcheckbox"
            title="Check some knowledge"
          >
            <div
              class="ant-cascader-menu-item-content"
            >
              <div
                class="ant-suggestion-item ant-flex css-var-rb"
              >
                <div
                  class="ant-suggestion-item-icon"
                >
                  <span
                    aria-label="open-a-i"
                    class="anticon anticon-open-a-i"
                    role="img"
                  >
                    <svg
                      aria-hidden="true"
                      data-icon="open-a-i"
                      fill="currentColor"
                      fill-rule="evenodd"
                      focusable="false"
                      height="1em"
                      viewBox="64 64 896 896"
                      width="1em"
                    >
                      <path
                        d="M475.6 112c-74.03 0-139.72 42.38-172.92 104.58v237.28l92.27 56.48 3.38-235.7 189-127.45A194.33 194.33 0 00475.6 112m202.9 62.25c-13.17 0-26.05 1.76-38.8 4.36L453.2 304.36l-1.37 96.15 186.58-125.25 231.22 137.28a195.5 195.5 0 004.87-42.33c0-108.04-87.93-195.96-195.99-195.96M247.34 266C167.34 290.7 109 365.22 109 453.2c0 27.92 5.9 54.83 16.79 79.36l245.48 139.77 90.58-56.12-214.5-131.38zm392.88 74.67l-72.7 48.85L771.5 517.58 797.3 753C867.41 723.11 916 653.97 916 573.1c0-27.55-5.86-54.12-16.57-78.53zm-123 82.6l-66.36 44.56-1.05 76.12 64.7 39.66 69.54-43.04-1.84-76.48zm121.2 76.12l5.87 248.34L443 866.9A195.65 195.65 0 00567.84 912c79.22 0 147.8-46.52 178.62-114.99L719.4 550.22zm-52.86 105.3L372.43 736.68 169.56 621.15a195.35 195.35 0 00-5.22 44.16c0 102.94 79.84 187.41 180.81 195.18L588.2 716.6z"
                      />
                    </svg>
                  </span>
                </div>
                Check some knowledge
              </div>
            </div>
            <div
              class="ant-cascader-menu-item-expand-icon"
            >
              <span
                aria-label="right"
                class="anticon anticon-right"
                role="img"
              >
                <svg
                  aria-hidden="true"
                  data-icon="right"
                  fill="currentColor"
                  focusable="false"
                  height="1em"
                  viewBox="64 64 896 896"
                  width="1em"
                >
                  <path
                    d="M765.7 486.8L314.9 134.7A7.97 7.97 0 00302 141v77.3c0 4.9 2.3 9.6 6.1 12.6l360 281.1-360 281.1c-3.9 3-6.1 7.7-6.1 12.6V883c0 6.7 7.7 10.4 12.9 6.3l450.8-352.1a31.96 31.96 0 000-50.4z"
                  />
                </svg>
              </span>
            </div>
          </li>
        </ul>
      </div>
    </div>
  </div>,
]
`;

exports[`renders components/suggestion/demo/basic.tsx extend context correctly 2`] = `[]`;

exports[`renders components/suggestion/demo/block.tsx extend context correctly 1`] = `
Array [
  <div
    class="ant-suggestion ant-suggestion-wrapper css-var-r7"
  >
    <div
      class="ant-sender css-var-r7"
    >
      <textarea
        class="ant-input ant-input-outlined css-var-r7 ant-input-css-var ant-sender-input"
        placeholder="输入 / 获取建议"
        style="resize: none; height: -110px; max-height: -110px;"
      />
      <div
        class="ant-sender-actions-list"
      >
        <div
          class="ant-space ant-space-horizontal ant-space-align-center ant-space-gap-row-small ant-space-gap-col-small css-var-r7"
        >
          <div
            class="ant-space-item"
          >
            <button
              class="ant-btn css-var-r7 ant-btn-text ant-btn-color-default ant-btn-variant-text ant-btn-icon-only ant-sender-actions-btn"
              disabled=""
              type="button"
            >
              <span
                class="ant-btn-icon"
              >
                <span
                  aria-label="clear"
                  class="anticon anticon-clear"
                  role="img"
                >
                  <svg
                    aria-hidden="true"
                    data-icon="clear"
                    fill="currentColor"
                    focusable="false"
                    height="1em"
                    viewBox="64 64 896 896"
                    width="1em"
                  >
                    <defs>
                      <style />
                    </defs>
                    <path
                      d="M899.1 869.6l-53-305.6H864c14.4 0 26-11.6 26-26V346c0-14.4-11.6-26-26-26H618V138c0-14.4-11.6-26-26-26H432c-14.4 0-26 11.6-26 26v182H160c-14.4 0-26 11.6-26 26v192c0 14.4 11.6 26 26 26h17.9l-53 305.6a25.95 25.95 0 0025.6 30.4h723c1.5 0 3-.1 4.4-.4a25.88 25.88 0 0021.2-30zM204 390h272V182h72v208h272v104H204V390zm468 440V674c0-4.4-3.6-8-8-8h-48c-4.4 0-8 3.6-8 8v156H416V674c0-4.4-3.6-8-8-8h-48c-4.4 0-8 3.6-8 8v156H202.8l45.1-260H776l45.1 260H672z"
                    />
                  </svg>
                </span>
              </span>
            </button>
          </div>
          <div
            class="ant-space-item"
          >
            <button
              class="ant-btn css-var-r7 ant-btn-text ant-btn-color-default ant-btn-variant-text ant-btn-icon-only ant-sender-actions-btn"
              disabled=""
              type="button"
            >
              <span
                class="ant-btn-icon"
              >
                <span
                  aria-label="send"
                  class="anticon anticon-send"
                  role="img"
                >
                  <svg
                    aria-hidden="true"
                    data-icon="send"
                    fill="currentColor"
                    focusable="false"
                    height="1em"
                    viewBox="64 64 896 896"
                    width="1em"
                  >
                    <defs>
                      <style />
                    </defs>
                    <path
                      d="M931.4 498.9L94.9 79.5c-3.4-1.7-7.3-2.1-11-1.2a15.99 15.99 0 00-11.7 19.3l86.2 352.2c1.3 5.3 5.2 9.6 10.4 11.3l147.7 50.7-147.6 50.7c-5.2 1.8-9.1 6-10.3 11.3L72.2 926.5c-.9 3.7-.5 7.6 1.2 10.9 3.9 7.9 13.5 11.1 21.5 7.2l836.5-417c3.1-1.5 5.6-4.1 7.2-7.1 3.9-8 .7-17.6-7.2-21.6zM170.8 826.3l50.3-205.6 295.2-101.3c2.3-.8 4.2-2.6 5-5 1.4-4.2-.8-8.7-5-10.2L221.1 403 171 198.2l628 314.9-628.2 313.2z"
                    />
                  </svg>
                </span>
              </span>
            </button>
          </div>
        </div>
      </div>
    </div>
  </div>,
  <div
    class="ant-select-dropdown ant-slide-up-appear ant-slide-up-appear-prepare ant-slide-up ant-cascader-dropdown ant-suggestion css-var-r7 ant-suggestion-block ant-select-css-var ant-cascader-css-var css-var-r7 ant-select-dropdown-placement-topLeft"
    style="--arrow-x: 0px; --arrow-y: 0px; left: -1000vw; top: -1000vh; right: auto; bottom: auto; box-sizing: border-box; min-width: auto;"
  >
    <div>
      <div
        class="ant-cascader-menus"
      >
        <ul
          class="ant-cascader-menu"
          role="menu"
        >
          <li
            aria-checked="false"
            class="ant-cascader-menu-item"
            data-path-key="report"
            role="menuitemcheckbox"
            title="Write a report"
          >
            <div
              class="ant-cascader-menu-item-content"
            >
              <div
                class="ant-suggestion-item ant-flex css-var-r7"
              >
                Write a report
              </div>
            </div>
          </li>
          <li
            aria-checked="false"
            class="ant-cascader-menu-item"
            data-path-key="draw"
            role="menuitemcheckbox"
            title="Draw a picture"
          >
            <div
              class="ant-cascader-menu-item-content"
            >
              <div
                class="ant-suggestion-item ant-flex css-var-r7"
              >
                Draw a picture
              </div>
            </div>
          </li>
          <li
            aria-checked="false"
            class="ant-cascader-menu-item"
            data-path-key="knowledge"
            role="menuitemcheckbox"
            title="Check some knowledge"
          >
            <div
              class="ant-cascader-menu-item-content"
            >
              <div
                class="ant-suggestion-item ant-flex css-var-r7"
              >
                Check some knowledge
                <div
                  class="ant-suggestion-item-extra"
                >
                  Extra Info
                </div>
              </div>
            </div>
          </li>
        </ul>
      </div>
    </div>
  </div>,
]
`;

exports[`renders components/suggestion/demo/block.tsx extend context correctly 2`] = `[]`;

exports[`renders components/suggestion/demo/trigger.tsx extend context correctly 1`] = `
Array [
  <div
    class="ant-suggestion ant-suggestion-wrapper css-var-r1"
  >
    <div
      class="ant-select ant-select-outlined css-var-r1 ant-select-css-var ant-select-multiple ant-select-show-arrow ant-select-show-search"
      style="width: 100%;"
    >
      <div
        class="ant-select-selector"
      >
        <div
          class="ant-select-selection-overflow"
        >
          <div
            class="ant-select-selection-overflow-item ant-select-selection-overflow-item-suffix"
            style="opacity: 1;"
          >
            <div
              class="ant-select-selection-search"
              style="width: 0px;"
            >
              <input
                aria-autocomplete="list"
                aria-controls="rc_select_TEST_OR_SSR_list"
                aria-expanded="false"
                aria-haspopup="listbox"
                aria-owns="rc_select_TEST_OR_SSR_list"
                autocomplete="off"
                class="ant-select-selection-search-input"
                id="rc_select_TEST_OR_SSR"
                role="combobox"
                type="search"
                value=""
              />
              <span
                aria-hidden="true"
                class="ant-select-selection-search-mirror"
              >
              </span>
            </div>
          </div>
        </div>
        <span
          class="ant-select-selection-placeholder"
        >
          可任意输入 / 与 # 多次获取建议
        </span>
      </div>
      <div
        class="ant-select-dropdown ant-slide-up-appear ant-slide-up-appear-prepare ant-slide-up css-var-r1 ant-select-css-var ant-select-dropdown-empty ant-select-dropdown-placement-bottomLeft"
        style="--arrow-x: 0px; --arrow-y: 0px; left: -1000vw; top: -1000vh; right: auto; bottom: auto; box-sizing: border-box;"
      >
        <div>
          <div
            class="ant-select-item-empty"
            id="rc_select_TEST_OR_SSR_list"
            role="listbox"
          >
            <div
              class="css-var-r1 ant-empty ant-empty-normal ant-empty-small"
            >
              <div
                class="ant-empty-image"
              >
                <svg
                  height="41"
                  viewBox="0 0 64 41"
                  width="64"
                  xmlns="http://www.w3.org/2000/svg"
                >
                  <title>
                    Simple Empty
                  </title>
                  <g
                    fill="none"
                    fill-rule="evenodd"
                    transform="translate(0 1)"
                  >
                    <ellipse
                      cx="32"
                      cy="33"
                      fill="#f5f5f5"
                      rx="32"
                      ry="7"
                    />
                    <g
                      fill-rule="nonzero"
                      stroke="#d9d9d9"
                    >
                      <path
                        d="M55 12.76L44.854 1.258C44.367.474 43.656 0 42.907 0H21.093c-.749 0-1.46.474-1.947 1.257L9 12.761V22h46v-9.24z"
                      />
                      <path
                        d="M41.613 15.931c0-1.605.994-2.93 2.227-2.931H55v18.137C55 33.26 53.68 35 52.05 35h-40.1C10.32 35 9 33.259 9 31.137V13h11.16c1.233 0 2.227 1.323 2.227 2.928v.022c0 1.605 1.005 2.901 2.237 2.901h14.752c1.232 0 2.237-1.308 2.237-2.913v-.007z"
                        fill="#fafafa"
                      />
                    </g>
                  </g>
                </svg>
              </div>
              <div
                class="ant-empty-description"
              >
                No data
              </div>
            </div>
          </div>
        </div>
      </div>
      <span
        aria-hidden="true"
        class="ant-select-arrow"
        style="user-select: none;"
        unselectable="on"
      >
        <span
          aria-label="down"
          class="anticon anticon-down ant-select-suffix"
          role="img"
        >
          <svg
            aria-hidden="true"
            data-icon="down"
            fill="currentColor"
            focusable="false"
            height="1em"
            viewBox="64 64 896 896"
            width="1em"
          >
            <path
              d="M884 256h-75c-5.1 0-9.9 2.5-12.9 6.6L512 654.2 227.9 262.6c-3-4.1-7.8-6.6-12.9-6.6h-75c-6.5 0-10.3 7.4-6.5 12.7l352.6 486.1c12.8 17.6 39 17.6 51.7 0l352.6-486.1c3.9-5.3.1-12.7-6.4-12.7z"
            />
          </svg>
        </span>
      </span>
    </div>
  </div>,
  <div
    class="ant-select-dropdown ant-slide-up-appear ant-slide-up-appear-prepare ant-slide-up ant-cascader-dropdown ant-suggestion css-var-r1 ant-select-css-var ant-cascader-css-var css-var-r1 ant-select-dropdown-placement-topLeft"
    style="--arrow-x: 0px; --arrow-y: 0px; left: -1000vw; top: -1000vh; right: auto; bottom: auto; box-sizing: border-box; min-width: auto;"
  >
    <div>
      <div
        class="ant-cascader-menus"
      >
        <ul
          class="ant-cascader-menu"
          role="menu"
        >
          <li
            aria-checked="false"
            class="ant-cascader-menu-item"
            data-path-key="undefined"
            role="menuitemcheckbox"
            title="Trigger by 'undefined'"
          >
            <div
              class="ant-cascader-menu-item-content"
            >
              <div
                class="ant-suggestion-item ant-flex css-var-r1"
              >
                Trigger by 'undefined'
              </div>
            </div>
          </li>
        </ul>
      </div>
    </div>
  </div>,
]
`;

exports[`renders components/suggestion/demo/trigger.tsx extend context correctly 2`] = `[]`;
