// Jest Snapshot v1, https://jestjs.io/docs/snapshot-testing

exports[`ThoughtChain.Item Component ThoughtChain component work 1`] = `
<div
  class="ant-thought-chain ant-thought-chain-item ant-thought-chain-item-solid"
>
  <div
    class="ant-thought-chain-item-content"
  >
    <div
      class="ant-thought-chain-item-title"
    >
      ThoughtChain.Item.title
    </div>
  </div>
</div>
`;

exports[`ThoughtChain.Item Component rtl render component should be rendered correctly in RTL direction 1`] = `
<div
  class="ant-thought-chain ant-thought-chain-item ant-thought-chain-item-solid ant-thought-chain-item-rtl"
>
  <div
    class="ant-thought-chain-item-content"
  >
    <div
      class="ant-thought-chain-item-title"
    >
      ThoughtChainItem.1
    </div>
  </div>
</div>
`;

exports[`ThoughtChain.Item Component test theme component should be rendered correctly when configuring the theme.components 1`] = `
<div
  class="ant-thought-chain css-var-«r3» ant-thought-chain-item ant-thought-chain-item-solid"
>
  <div
    class="ant-thought-chain-item-content"
  >
    <div
      class="ant-thought-chain-item-title"
    >
      ThoughtChainItem.1
    </div>
  </div>
</div>
`;
