// Jest Snapshot v1, https://goo.gl/fbAQLP

exports[`renders components/chatbox/demo/avatar-and-placement.tsx extend context correctly 1`] = `
<div
  class="ant-flex ant-flex-align-stretch ant-flex-gap-middle ant-flex-vertical"
>
  <div
    class="ant-chatbox ant-chatbox-start"
  >
    <div
      class="ant-chatbox-avatar"
    >
      <span
        class="ant-avatar ant-avatar-circle ant-avatar-icon"
        style="width: 32px; height: 32px; font-size: 16px; color: rgb(245, 106, 0); background-color: rgb(253, 227, 207);"
      >
        <span
          aria-label="user"
          class="anticon anticon-user"
          role="img"
        >
          <svg
            aria-hidden="true"
            data-icon="user"
            fill="currentColor"
            focusable="false"
            height="1em"
            viewBox="64 64 896 896"
            width="1em"
          >
            <path
              d="M858.5 763.6a374 374 0 00-80.6-119.5 375.63 375.63 0 00-119.5-80.6c-.4-.2-.8-.3-1.2-.5C719.5 518 760 444.7 760 362c0-137-111-248-248-248S264 225 264 362c0 82.7 40.5 156 102.8 201.1-.4.2-.8.3-1.2.5-44.8 18.9-85 46-119.5 80.6a375.63 375.63 0 00-80.6 119.5A371.7 371.7 0 00136 901.8a8 8 0 008 8.2h60c4.4 0 7.9-3.5 8-7.8 2-77.2 33-149.5 87.8-204.3 56.7-56.7 132-87.9 212.2-87.9s155.5 31.2 212.2 87.9C779 752.7 810 825 812 902.2c.1 4.4 3.6 7.8 8 7.8h60a8 8 0 008-8.2c-1-47.8-10.9-94.3-29.5-138.2zM512 534c-45.9 0-89.1-17.9-121.6-50.4S340 407.9 340 362c0-45.9 17.9-89.1 50.4-121.6S466.1 190 512 190s89.1 17.9 121.6 50.4S684 316.1 684 362c0 45.9-17.9 89.1-50.4 121.6S557.9 534 512 534z"
            />
          </svg>
        </span>
      </span>
    </div>
    <div
      class="ant-chatbox-content"
    >
      Good morning, how are you ?
    </div>
  </div>
  <div
    class="ant-chatbox ant-chatbox-start"
  >
    <div
      class="ant-chatbox-avatar"
      style="visibility: hidden;"
    >
      <span
        class="ant-avatar ant-avatar-circle"
        style="width: 32px; height: 32px; font-size: 18px;"
      >
        <span
          class="ant-avatar-string"
          style="transform: scale(1);"
        />
      </span>
    </div>
    <div
      class="ant-chatbox-content"
    >
      What a beautiful day !
    </div>
  </div>
  <div
    class="ant-chatbox ant-chatbox-end"
  >
    <div
      class="ant-chatbox-avatar"
    >
      <span
        class="ant-avatar ant-avatar-circle ant-avatar-icon"
        style="width: 32px; height: 32px; font-size: 16px; color: rgb(255, 255, 255); background-color: rgb(135, 208, 104);"
      >
        <span
          aria-label="user"
          class="anticon anticon-user"
          role="img"
        >
          <svg
            aria-hidden="true"
            data-icon="user"
            fill="currentColor"
            focusable="false"
            height="1em"
            viewBox="64 64 896 896"
            width="1em"
          >
            <path
              d="M858.5 763.6a374 374 0 00-80.6-119.5 375.63 375.63 0 00-119.5-80.6c-.4-.2-.8-.3-1.2-.5C719.5 518 760 444.7 760 362c0-137-111-248-248-248S264 225 264 362c0 82.7 40.5 156 102.8 201.1-.4.2-.8.3-1.2.5-44.8 18.9-85 46-119.5 80.6a375.63 375.63 0 00-80.6 119.5A371.7 371.7 0 00136 901.8a8 8 0 008 8.2h60c4.4 0 7.9-3.5 8-7.8 2-77.2 33-149.5 87.8-204.3 56.7-56.7 132-87.9 212.2-87.9s155.5 31.2 212.2 87.9C779 752.7 810 825 812 902.2c.1 4.4 3.6 7.8 8 7.8h60a8 8 0 008-8.2c-1-47.8-10.9-94.3-29.5-138.2zM512 534c-45.9 0-89.1-17.9-121.6-50.4S340 407.9 340 362c0-45.9 17.9-89.1 50.4-121.6S466.1 190 512 190s89.1 17.9 121.6 50.4S684 316.1 684 362c0 45.9-17.9 89.1-50.4 121.6S557.9 534 512 534z"
            />
          </svg>
        </span>
      </span>
    </div>
    <div
      class="ant-chatbox-content"
    >
      Hi, good morning, I'm fine !
    </div>
  </div>
  <div
    class="ant-chatbox ant-chatbox-end"
  >
    <div
      class="ant-chatbox-avatar"
      style="visibility: hidden;"
    >
      <span
        class="ant-avatar ant-avatar-circle"
        style="width: 32px; height: 32px; font-size: 18px;"
      >
        <span
          class="ant-avatar-string"
          style="transform: scale(1);"
        />
      </span>
    </div>
    <div
      class="ant-chatbox-content"
    >
      Thank you !
    </div>
  </div>
</div>
`;

exports[`renders components/chatbox/demo/avatar-and-placement.tsx extend context correctly 2`] = `[]`;

exports[`renders components/chatbox/demo/basic.tsx extend context correctly 1`] = `
<div
  class="ant-chatbox ant-chatbox-start"
>
  <div
    class="ant-chatbox-content"
  >
    hello world !
  </div>
</div>
`;

exports[`renders components/chatbox/demo/basic.tsx extend context correctly 2`] = `[]`;

exports[`renders components/chatbox/demo/contentRender.tsx extend context correctly 1`] = `
<div
  class="ant-chatbox ant-chatbox-start"
>
  <div
    class="ant-chatbox-avatar"
  >
    <span
      class="ant-avatar ant-avatar-circle ant-avatar-icon"
      style="width: 32px; height: 32px; font-size: 16px;"
    >
      <span
        aria-label="user"
        class="anticon anticon-user"
        role="img"
      >
        <svg
          aria-hidden="true"
          data-icon="user"
          fill="currentColor"
          focusable="false"
          height="1em"
          viewBox="64 64 896 896"
          width="1em"
        >
          <path
            d="M858.5 763.6a374 374 0 00-80.6-119.5 375.63 375.63 0 00-119.5-80.6c-.4-.2-.8-.3-1.2-.5C719.5 518 760 444.7 760 362c0-137-111-248-248-248S264 225 264 362c0 82.7 40.5 156 102.8 201.1-.4.2-.8.3-1.2.5-44.8 18.9-85 46-119.5 80.6a375.63 375.63 0 00-80.6 119.5A371.7 371.7 0 00136 901.8a8 8 0 008 8.2h60c4.4 0 7.9-3.5 8-7.8 2-77.2 33-149.5 87.8-204.3 56.7-56.7 132-87.9 212.2-87.9s155.5 31.2 212.2 87.9C779 752.7 810 825 812 902.2c.1 4.4 3.6 7.8 8 7.8h60a8 8 0 008-8.2c-1-47.8-10.9-94.3-29.5-138.2zM512 534c-45.9 0-89.1-17.9-121.6-50.4S340 407.9 340 362c0-45.9 17.9-89.1 50.4-121.6S466.1 190 512 190s89.1 17.9 121.6 50.4S684 316.1 684 362c0 45.9-17.9 89.1-50.4 121.6S557.9 534 512 534z"
          />
        </svg>
      </span>
    </span>
  </div>
  <div
    class="ant-chatbox-content"
  >
    <span>
      <h1 />
    </span>
  </div>
</div>
`;

exports[`renders components/chatbox/demo/contentRender.tsx extend context correctly 2`] = `[]`;

exports[`renders components/chatbox/demo/loading.tsx extend context correctly 1`] = `
<div
  class="ant-flex ant-flex-align-stretch ant-flex-gap-large ant-flex-vertical"
>
  <div
    class="ant-chatbox ant-chatbox-start"
  >
    <div
      class="ant-chatbox-avatar"
    >
      <span
        class="ant-avatar ant-avatar-circle ant-avatar-icon"
        style="width: 32px; height: 32px; font-size: 16px;"
      >
        <span
          aria-label="user"
          class="anticon anticon-user"
          role="img"
        >
          <svg
            aria-hidden="true"
            data-icon="user"
            fill="currentColor"
            focusable="false"
            height="1em"
            viewBox="64 64 896 896"
            width="1em"
          >
            <path
              d="M858.5 763.6a374 374 0 00-80.6-119.5 375.63 375.63 0 00-119.5-80.6c-.4-.2-.8-.3-1.2-.5C719.5 518 760 444.7 760 362c0-137-111-248-248-248S264 225 264 362c0 82.7 40.5 156 102.8 201.1-.4.2-.8.3-1.2.5-44.8 18.9-85 46-119.5 80.6a375.63 375.63 0 00-80.6 119.5A371.7 371.7 0 00136 901.8a8 8 0 008 8.2h60c4.4 0 7.9-3.5 8-7.8 2-77.2 33-149.5 87.8-204.3 56.7-56.7 132-87.9 212.2-87.9s155.5 31.2 212.2 87.9C779 752.7 810 825 812 902.2c.1 4.4 3.6 7.8 8 7.8h60a8 8 0 008-8.2c-1-47.8-10.9-94.3-29.5-138.2zM512 534c-45.9 0-89.1-17.9-121.6-50.4S340 407.9 340 362c0-45.9 17.9-89.1 50.4-121.6S466.1 190 512 190s89.1 17.9 121.6 50.4S684 316.1 684 362c0 45.9-17.9 89.1-50.4 121.6S557.9 534 512 534z"
            />
          </svg>
        </span>
      </span>
    </div>
    <div
      class="ant-chatbox-content"
    >
      <span
        class="ant-chatbox-dot"
      >
        <i
          class="ant-chatbox-dot-item"
        />
        <i
          class="ant-chatbox-dot-item"
        />
        <i
          class="ant-chatbox-dot-item"
        />
      </span>
    </div>
  </div>
  <div
    class="ant-flex ant-flex-wrap-wrap ant-flex-gap-large"
  >
    Loading state:
    <button
      aria-checked="true"
      class="ant-switch ant-switch-checked"
      role="switch"
      type="button"
    >
      <div
        class="ant-switch-handle"
      />
      <span
        class="ant-switch-inner"
      >
        <span
          class="ant-switch-inner-checked"
        />
        <span
          class="ant-switch-inner-unchecked"
        />
      </span>
    </button>
  </div>
</div>
`;

exports[`renders components/chatbox/demo/loading.tsx extend context correctly 2`] = `[]`;

exports[`renders components/chatbox/demo/typing.tsx extend context correctly 1`] = `
<div
  class="ant-chatbox ant-chatbox-start ant-chatbox-typing"
>
  <div
    class="ant-chatbox-avatar"
  >
    <span
      class="ant-avatar ant-avatar-circle ant-avatar-icon"
      style="width: 32px; height: 32px; font-size: 16px;"
    >
      <span
        aria-label="user"
        class="anticon anticon-user"
        role="img"
      >
        <svg
          aria-hidden="true"
          data-icon="user"
          fill="currentColor"
          focusable="false"
          height="1em"
          viewBox="64 64 896 896"
          width="1em"
        >
          <path
            d="M858.5 763.6a374 374 0 00-80.6-119.5 375.63 375.63 0 00-119.5-80.6c-.4-.2-.8-.3-1.2-.5C719.5 518 760 444.7 760 362c0-137-111-248-248-248S264 225 264 362c0 82.7 40.5 156 102.8 201.1-.4.2-.8.3-1.2.5-44.8 18.9-85 46-119.5 80.6a375.63 375.63 0 00-80.6 119.5A371.7 371.7 0 00136 901.8a8 8 0 008 8.2h60c4.4 0 7.9-3.5 8-7.8 2-77.2 33-149.5 87.8-204.3 56.7-56.7 132-87.9 212.2-87.9s155.5 31.2 212.2 87.9C779 752.7 810 825 812 902.2c.1 4.4 3.6 7.8 8 7.8h60a8 8 0 008-8.2c-1-47.8-10.9-94.3-29.5-138.2zM512 534c-45.9 0-89.1-17.9-121.6-50.4S340 407.9 340 362c0-45.9 17.9-89.1 50.4-121.6S466.1 190 512 190s89.1 17.9 121.6 50.4S684 316.1 684 362c0 45.9-17.9 89.1-50.4 121.6S557.9 534 512 534z"
          />
        </svg>
      </span>
    </span>
  </div>
  <div
    class="ant-chatbox-content"
  >
    F
  </div>
</div>
`;

exports[`renders components/chatbox/demo/typing.tsx extend context correctly 2`] = `[]`;
