// Jest Snapshot v1, https://jestjs.io/docs/snapshot-testing

exports[`antd dist files exports modules correctly 1`] = `
[
  "Actions",
  "Attachments",
  "Bubble",
  "Conversations",
  "Prompts",
  "Sender",
  "SenderSwitch",
  "Suggestion",
  "Think",
  "ThoughtChain",
  "Welcome",
  "XProvider",
  "XRequest",
  "XStream",
  "notification",
  "useXAgent",
  "useXChat",
  "version",
]
`;
