// Jest Snapshot v1, https://jestjs.io/docs/snapshot-testing

exports[`bubble 基础功能 应该正确渲染基本的 Bubble 组件 1`] = `
<div
  class="ant-bubble css-var-root ant-bubble-start"
>
  <div
    class="ant-bubble-body"
  >
    <div
      class="ant-bubble-content ant-bubble-content-filled ant-bubble-content-default"
    >
      测试内容
    </div>
  </div>
</div>
`;
