// Jest Snapshot v1, https://jestjs.io/docs/snapshot-testing

exports[`Sender.Header rtl render component should be rendered correctly in RTL direction 1`] = `
<div
  class="ant-sender-header ant-sender-header-motion-appear ant-sender-header-motion-appear-start ant-sender-header-motion ant-sender-header-rtl"
>
  <div
    class="ant-sender-header-header"
  >
    <div
      class="ant-sender-header-title"
    />
    <div
      class="ant-sender-header-close"
    >
      <button
        class="ant-btn css-var-root ant-btn-text ant-btn-color-default ant-btn-variant-text ant-btn-sm ant-btn-icon-only ant-btn-rtl"
        type="button"
      >
        <span
          class="ant-btn-icon"
        >
          <span
            aria-label="close"
            class="anticon anticon-close"
            role="img"
          >
            <svg
              aria-hidden="true"
              data-icon="close"
              fill="currentColor"
              fill-rule="evenodd"
              focusable="false"
              height="1em"
              viewBox="64 64 896 896"
              width="1em"
            >
              <path
                d="M799.86 166.31c.02 0 .04.02.08.06l57.69 57.7c.04.03.05.05.06.08a.12.12 0 010 .06c0 .03-.02.05-.06.09L569.93 512l287.7 287.7c.04.04.05.06.06.09a.12.12 0 010 .07c0 .02-.02.04-.06.08l-57.7 57.69c-.03.04-.05.05-.07.06a.12.12 0 01-.07 0c-.03 0-.05-.02-.09-.06L512 569.93l-287.7 287.7c-.04.04-.06.05-.09.06a.12.12 0 01-.07 0c-.02 0-.04-.02-.08-.06l-57.69-57.7c-.04-.03-.05-.05-.06-.07a.12.12 0 010-.07c0-.03.02-.05.06-.09L454.07 512l-287.7-287.7c-.04-.04-.05-.06-.06-.09a.12.12 0 010-.07c0-.02.02-.04.06-.08l57.7-57.69c.03-.04.05-.05.07-.06a.12.12 0 01.07 0c.03 0 .05.02.09.06L512 454.07l287.7-287.7c.04-.04.06-.05.09-.06a.12.12 0 01.07 0z"
              />
            </svg>
          </span>
        </span>
      </button>
    </div>
  </div>
</div>
`;
