// Jest Snapshot v1, https://goo.gl/fbAQLP

exports[`renders components/useXAgent/demo/custom.tsx correctly 1`] = `
Array [
  <form
    autocomplete="off"
    class="ant-form ant-form-vertical css-var-R0 ant-form-css-var"
  >
    <div
      class="ant-form-item css-var-R0 ant-form-css-var"
    >
      <div
        class="ant-row ant-form-item-row css-var-R0"
      >
        <div
          class="ant-col ant-form-item-label css-var-R0"
        >
          <label
            class=""
            for="question"
            title="Question"
          >
            Question
          </label>
        </div>
        <div
          class="ant-col ant-form-item-control css-var-R0"
        >
          <div
            class="ant-form-item-control-input"
          >
            <div
              class="ant-form-item-control-input-content"
            >
              <input
                class="ant-input ant-input-outlined css-var-R0 ant-input-css-var"
                id="question"
                type="text"
                value=""
              />
            </div>
          </div>
        </div>
      </div>
    </div>
    <button
      class="ant-btn css-var-R0 ant-btn-primary"
      type="submit"
    >
      <span>
        submit
      </span>
    </button>
  </form>,
  <div
    class="ant-divider css-var-R0 ant-divider-horizontal"
    role="separator"
  />,
  <article
    class="ant-typography css-var-R0"
  >
    <ul />
  </article>,
]
`;

exports[`renders components/useXAgent/demo/preset.tsx correctly 1`] = `
<div>
  Wait for XFetch & XStream
</div>
`;
