// Jest Snapshot v1, https://goo.gl/fbAQLP

exports[`renders components/chat-box/demo/basic.tsx correctly 1`] = `
<div>
  2333
</div>
`;
