// Jest Snapshot v1, https://jestjs.io/docs/snapshot-testing

exports[`renders components/think/demo/basic.tsx correctly 1`] = `
<div
  class="ant-think css-var-«R0»"
>
  <div
    class="ant-think-status-wrapper"
  >
    <div
      class="ant-think-status-icon"
    >
      <span
        class="anticon"
        role="img"
      >
        <svg
          aria-label="think"
          fill="currentColor"
          height="1em"
          role="img"
          viewBox="0 0 1024 1024"
          width="1em"
        >
          <symbol
            id="icon-think"
            viewBox="0 0 1024 1024"
          >
            <path
              d="M847.936 168.448c65.088 65.664 46.144 198.528-36.224 337.536 88.128 143.04 109.824 281.408 43.008 348.8-66.56 67.072-202.688 45.696-343.808-41.984-141.12 87.68-277.248 109.056-343.808 41.984-66.816-67.392-45.056-205.76 43.008-348.8-82.368-139.008-101.248-271.872-36.16-337.536 65.408-65.92 198.336-46.336 336.96 37.76l9.728-5.76c135.104-79.232 263.36-96.448 327.296-32zM249.088 565.568l-2.24 4.16a536.704 536.704 0 0 0-38.272 85.696c-28.928 85.888-16.128 134.144 3.584 153.984 19.712 19.776 67.52 32.768 152.704 3.584a531.84 531.84 0 0 0 87.616-40.064c-35.84-26.816-71.488-57.664-105.792-92.288a950.4 950.4 0 0 1-97.6-115.072z m523.648 0.064l-2.56 3.584c-27.392 37.76-59.2 75.328-94.976 111.424a951.744 951.744 0 0 1-105.856 92.288c30.336 17.088 59.904 30.528 87.68 40.064 85.12 29.184 132.992 16.192 152.64-3.584 19.712-19.84 32.576-68.096 3.584-153.984a541.824 541.824 0 0 0-40.512-89.792z m-261.76-283.2l-17.664 12.416c-36.352 26.24-72.96 57.472-108.416 93.184a878.208 878.208 0 0 0-99.008 118.656c28.8 42.88 64.128 86.528 105.792 128.512a874.24 874.24 0 0 0 119.232 100.928 875.84 875.84 0 0 0 119.232-100.928 871.232 871.232 0 0 0 105.728-128.448 868.224 868.224 0 0 0-98.944-118.72 867.136 867.136 0 0 0-126.016-105.6z m3.2 105.472a11.52 11.52 0 0 1 7.808 7.808l7.232 24.512c10.432 35.2 37.888 62.72 73.088 73.152l24.192 7.168a11.52 11.52 0 0 1 0.064 22.144l-24.704 7.424A108.288 108.288 0 0 0 529.28 603.008l-7.296 24.576a11.52 11.52 0 0 1-22.144 0l-7.296-24.576a108.288 108.288 0 0 0-72.576-72.96l-24.704-7.36a11.52 11.52 0 0 1 0-22.144l24.32-7.168c35.136-10.432 62.592-37.952 73.024-73.152l7.232-24.512a11.52 11.52 0 0 1 14.336-7.808z m136.064-177.664a522.496 522.496 0 0 0-79.872 35.776c37.76 27.84 75.456 60.16 111.552 96.64a956.16 956.16 0 0 1 89.856 104.32c14.656-27.392 26.24-54.016 34.688-79.168 28.928-85.888 16.064-134.08-3.52-153.984-19.712-19.776-67.52-32.768-152.704-3.584z m-431.36 3.584c-19.584 19.84-32.512 68.096-3.52 153.984 8.512 25.152 20.096 51.776 34.688 79.168 26.24-35.392 56.32-70.528 89.856-104.32a948.224 948.224 0 0 1 111.616-96.64 514.816 514.816 0 0 0-79.936-35.776c-85.12-29.184-132.928-16.192-152.64 3.584z"
            />
          </symbol>
          <use
            xlink:href="#icon-think"
          />
        </svg>
      </span>
    </div>
    <div
      class="ant-think-status-text"
    >
      deep thinking
    </div>
    <span
      aria-label="right"
      class="anticon anticon-right ant-think-status-down-icon"
      role="img"
    >
      <svg
        aria-hidden="true"
        data-icon="right"
        fill="currentColor"
        focusable="false"
        height="1em"
        style="-ms-transform:rotate(90deg);transform:rotate(90deg)"
        viewBox="64 64 896 896"
        width="1em"
      >
        <path
          d="M765.7 486.8L314.9 134.7A7.97 7.97 0 00302 141v77.3c0 4.9 2.3 9.6 6.1 12.6l360 281.1-360 281.1c-3.9 3-6.1 7.7-6.1 12.6V883c0 6.7 7.7 10.4 12.9 6.3l450.8-352.1a31.96 31.96 0 000-50.4z"
        />
      </svg>
    </span>
  </div>
  <div
    class="ant-think-content"
  >
    This is deep thinking content.
  </div>
</div>
`;

exports[`renders components/think/demo/expand.tsx correctly 1`] = `
Array [
  <div>
    <button
      class="ant-btn css-var-«R0» ant-btn-default ant-btn-color-default ant-btn-variant-outlined"
      type="button"
    >
      <span>
        Change expand
      </span>
    </button>
  </div>,
  <br />,
  <div
    class="ant-think css-var-«R0»"
  >
    <div
      class="ant-think-status-wrapper"
    >
      <div
        class="ant-think-status-icon"
      >
        <span
          class="anticon"
          role="img"
        >
          <svg
            aria-label="think"
            fill="currentColor"
            height="1em"
            role="img"
            viewBox="0 0 1024 1024"
            width="1em"
          >
            <symbol
              id="icon-think"
              viewBox="0 0 1024 1024"
            >
              <path
                d="M847.936 168.448c65.088 65.664 46.144 198.528-36.224 337.536 88.128 143.04 109.824 281.408 43.008 348.8-66.56 67.072-202.688 45.696-343.808-41.984-141.12 87.68-277.248 109.056-343.808 41.984-66.816-67.392-45.056-205.76 43.008-348.8-82.368-139.008-101.248-271.872-36.16-337.536 65.408-65.92 198.336-46.336 336.96 37.76l9.728-5.76c135.104-79.232 263.36-96.448 327.296-32zM249.088 565.568l-2.24 4.16a536.704 536.704 0 0 0-38.272 85.696c-28.928 85.888-16.128 134.144 3.584 153.984 19.712 19.776 67.52 32.768 152.704 3.584a531.84 531.84 0 0 0 87.616-40.064c-35.84-26.816-71.488-57.664-105.792-92.288a950.4 950.4 0 0 1-97.6-115.072z m523.648 0.064l-2.56 3.584c-27.392 37.76-59.2 75.328-94.976 111.424a951.744 951.744 0 0 1-105.856 92.288c30.336 17.088 59.904 30.528 87.68 40.064 85.12 29.184 132.992 16.192 152.64-3.584 19.712-19.84 32.576-68.096 3.584-153.984a541.824 541.824 0 0 0-40.512-89.792z m-261.76-283.2l-17.664 12.416c-36.352 26.24-72.96 57.472-108.416 93.184a878.208 878.208 0 0 0-99.008 118.656c28.8 42.88 64.128 86.528 105.792 128.512a874.24 874.24 0 0 0 119.232 100.928 875.84 875.84 0 0 0 119.232-100.928 871.232 871.232 0 0 0 105.728-128.448 868.224 868.224 0 0 0-98.944-118.72 867.136 867.136 0 0 0-126.016-105.6z m3.2 105.472a11.52 11.52 0 0 1 7.808 7.808l7.232 24.512c10.432 35.2 37.888 62.72 73.088 73.152l24.192 7.168a11.52 11.52 0 0 1 0.064 22.144l-24.704 7.424A108.288 108.288 0 0 0 529.28 603.008l-7.296 24.576a11.52 11.52 0 0 1-22.144 0l-7.296-24.576a108.288 108.288 0 0 0-72.576-72.96l-24.704-7.36a11.52 11.52 0 0 1 0-22.144l24.32-7.168c35.136-10.432 62.592-37.952 73.024-73.152l7.232-24.512a11.52 11.52 0 0 1 14.336-7.808z m136.064-177.664a522.496 522.496 0 0 0-79.872 35.776c37.76 27.84 75.456 60.16 111.552 96.64a956.16 956.16 0 0 1 89.856 104.32c14.656-27.392 26.24-54.016 34.688-79.168 28.928-85.888 16.064-134.08-3.52-153.984-19.712-19.776-67.52-32.768-152.704-3.584z m-431.36 3.584c-19.584 19.84-32.512 68.096-3.52 153.984 8.512 25.152 20.096 51.776 34.688 79.168 26.24-35.392 56.32-70.528 89.856-104.32a948.224 948.224 0 0 1 111.616-96.64 514.816 514.816 0 0 0-79.936-35.776c-85.12-29.184-132.928-16.192-152.64 3.584z"
              />
            </symbol>
            <use
              xlink:href="#icon-think"
            />
          </svg>
        </span>
      </div>
      <div
        class="ant-think-status-text"
      >
        deep thinking
      </div>
      <span
        aria-label="right"
        class="anticon anticon-right ant-think-status-down-icon"
        role="img"
      >
        <svg
          aria-hidden="true"
          data-icon="right"
          fill="currentColor"
          focusable="false"
          height="1em"
          style="-ms-transform:rotate(90deg);transform:rotate(90deg)"
          viewBox="64 64 896 896"
          width="1em"
        >
          <path
            d="M765.7 486.8L314.9 134.7A7.97 7.97 0 00302 141v77.3c0 4.9 2.3 9.6 6.1 12.6l360 281.1-360 281.1c-3.9 3-6.1 7.7-6.1 12.6V883c0 6.7 7.7 10.4 12.9 6.3l450.8-352.1a31.96 31.96 0 000-50.4z"
          />
        </svg>
      </span>
    </div>
    <div
      class="ant-think-content"
    >
      This is deep thinking content.
    </div>
  </div>,
]
`;

exports[`renders components/think/demo/status.tsx correctly 1`] = `
Array [
  <div>
    <button
      class="ant-btn css-var-«R0» ant-btn-default ant-btn-color-default ant-btn-variant-outlined"
      type="button"
    >
      <span>
        Run
      </span>
    </button>
  </div>,
  <br />,
  <div
    class="ant-think css-var-«R0»"
  >
    <div
      class="ant-think-status-wrapper"
    >
      <div
        class="ant-think-status-icon"
      >
        <span
          class="anticon"
          role="img"
        >
          <svg
            aria-label="think"
            fill="currentColor"
            height="1em"
            role="img"
            viewBox="0 0 1024 1024"
            width="1em"
          >
            <symbol
              id="icon-think"
              viewBox="0 0 1024 1024"
            >
              <path
                d="M847.936 168.448c65.088 65.664 46.144 198.528-36.224 337.536 88.128 143.04 109.824 281.408 43.008 348.8-66.56 67.072-202.688 45.696-343.808-41.984-141.12 87.68-277.248 109.056-343.808 41.984-66.816-67.392-45.056-205.76 43.008-348.8-82.368-139.008-101.248-271.872-36.16-337.536 65.408-65.92 198.336-46.336 336.96 37.76l9.728-5.76c135.104-79.232 263.36-96.448 327.296-32zM249.088 565.568l-2.24 4.16a536.704 536.704 0 0 0-38.272 85.696c-28.928 85.888-16.128 134.144 3.584 153.984 19.712 19.776 67.52 32.768 152.704 3.584a531.84 531.84 0 0 0 87.616-40.064c-35.84-26.816-71.488-57.664-105.792-92.288a950.4 950.4 0 0 1-97.6-115.072z m523.648 0.064l-2.56 3.584c-27.392 37.76-59.2 75.328-94.976 111.424a951.744 951.744 0 0 1-105.856 92.288c30.336 17.088 59.904 30.528 87.68 40.064 85.12 29.184 132.992 16.192 152.64-3.584 19.712-19.84 32.576-68.096 3.584-153.984a541.824 541.824 0 0 0-40.512-89.792z m-261.76-283.2l-17.664 12.416c-36.352 26.24-72.96 57.472-108.416 93.184a878.208 878.208 0 0 0-99.008 118.656c28.8 42.88 64.128 86.528 105.792 128.512a874.24 874.24 0 0 0 119.232 100.928 875.84 875.84 0 0 0 119.232-100.928 871.232 871.232 0 0 0 105.728-128.448 868.224 868.224 0 0 0-98.944-118.72 867.136 867.136 0 0 0-126.016-105.6z m3.2 105.472a11.52 11.52 0 0 1 7.808 7.808l7.232 24.512c10.432 35.2 37.888 62.72 73.088 73.152l24.192 7.168a11.52 11.52 0 0 1 0.064 22.144l-24.704 7.424A108.288 108.288 0 0 0 529.28 603.008l-7.296 24.576a11.52 11.52 0 0 1-22.144 0l-7.296-24.576a108.288 108.288 0 0 0-72.576-72.96l-24.704-7.36a11.52 11.52 0 0 1 0-22.144l24.32-7.168c35.136-10.432 62.592-37.952 73.024-73.152l7.232-24.512a11.52 11.52 0 0 1 14.336-7.808z m136.064-177.664a522.496 522.496 0 0 0-79.872 35.776c37.76 27.84 75.456 60.16 111.552 96.64a956.16 956.16 0 0 1 89.856 104.32c14.656-27.392 26.24-54.016 34.688-79.168 28.928-85.888 16.064-134.08-3.52-153.984-19.712-19.776-67.52-32.768-152.704-3.584z m-431.36 3.584c-19.584 19.84-32.512 68.096-3.52 153.984 8.512 25.152 20.096 51.776 34.688 79.168 26.24-35.392 56.32-70.528 89.856-104.32a948.224 948.224 0 0 1 111.616-96.64 514.816 514.816 0 0 0-79.936-35.776c-85.12-29.184-132.928-16.192-152.64 3.584z"
              />
            </symbol>
            <use
              xlink:href="#icon-think"
            />
          </svg>
        </span>
      </div>
      <div
        class="ant-think-status-text"
      >
        Complete thinking
      </div>
      <span
        aria-label="right"
        class="anticon anticon-right ant-think-status-down-icon"
        role="img"
      >
        <svg
          aria-hidden="true"
          data-icon="right"
          fill="currentColor"
          focusable="false"
          height="1em"
          style="-ms-transform:rotate(90deg);transform:rotate(90deg)"
          viewBox="64 64 896 896"
          width="1em"
        >
          <path
            d="M765.7 486.8L314.9 134.7A7.97 7.97 0 00302 141v77.3c0 4.9 2.3 9.6 6.1 12.6l360 281.1-360 281.1c-3.9 3-6.1 7.7-6.1 12.6V883c0 6.7 7.7 10.4 12.9 6.3l450.8-352.1a31.96 31.96 0 000-50.4z"
          />
        </svg>
      </span>
    </div>
    <div
      class="ant-think-content"
    >
      This is deep thinking content.
    </div>
  </div>,
  <br />,
  <div
    class="ant-think css-var-«R0»"
  >
    <div
      class="ant-think-status-wrapper"
    >
      <div
        class="ant-think-status-icon"
      >
        <span
          aria-label="open-a-i"
          class="anticon anticon-open-a-i"
          role="img"
        >
          <svg
            aria-hidden="true"
            data-icon="open-a-i"
            fill="currentColor"
            fill-rule="evenodd"
            focusable="false"
            height="1em"
            viewBox="64 64 896 896"
            width="1em"
          >
            <path
              d="M482.88 128c-84.35 0-156.58 52.8-185.68 126.98-60.89 8.13-115.3 43.63-146.6 97.84-42.16 73-32.55 161.88 17.14 224.16-23.38 56.75-19.85 121.6 11.42 175.78 42.18 73.02 124.1 109.15 202.94 97.23C419.58 898.63 477.51 928 540.12 928c84.35 0 156.58-52.8 185.68-126.98 60.89-8.13 115.3-43.62 146.6-97.84 42.16-73 32.55-161.88-17.14-224.16 23.38-56.75 19.85-121.6-11.42-175.78-42.18-73.02-124.1-109.15-202.94-97.23C603.42 157.38 545.49 128 482.88 128m0 61.54c35.6 0 68.97 13.99 94.22 37.74-1.93 1.03-3.92 1.84-5.83 2.94l-136.68 78.91a46.11 46.11 0 00-23.09 39.78l-.84 183.6-65.72-38.34V327.4c0-76 61.9-137.86 137.94-137.86m197.7 75.9c44.19 3.14 86.16 27.44 109.92 68.57 17.8 30.8 22.38 66.7 14.43 100.42-1.88-1.17-3.6-2.49-5.53-3.6l-136.73-78.91a46.23 46.23 0 00-46-.06l-159.47 91.1.36-76.02 144.5-83.41a137.19 137.19 0 0178.53-18.09m-396.92 55.4c-.07 2.2-.3 4.35-.3 6.56v157.75a46.19 46.19 0 0022.91 39.9l158.68 92.5-66.02 37.67-144.55-83.35c-65.86-38-88.47-122.53-50.45-188.34 17.78-30.78 46.55-52.69 79.73-62.68m340.4 79.93l144.54 83.35c65.86 38 88.47 122.53 50.45 188.34-17.78 30.78-46.55 52.69-79.73 62.68.07-2.19.3-4.34.3-6.55V570.85a46.19 46.19 0 00-22.9-39.9l-158.69-92.5zM511.8 464.84l54.54 31.79-.3 63.22-54.84 31.31-54.54-31.85.3-63.16zm100.54 58.65l65.72 38.35V728.6c0 76-61.9 137.86-137.94 137.86-35.6 0-68.97-13.99-94.22-37.74 1.93-1.03 3.92-1.84 5.83-2.94l136.68-78.9a46.11 46.11 0 0023.09-39.8zm-46.54 89.55l-.36 76.02-144.5 83.41c-65.85 38-150.42 15.34-188.44-50.48-17.8-30.8-22.38-66.7-14.43-100.42 1.88 1.17 3.6 2.5 5.53 3.6l136.74 78.91a46.23 46.23 0 0046 .06z"
            />
          </svg>
        </span>
      </div>
      <div
        class="ant-think-status-text"
      >
        Complete thinking
      </div>
      <span
        aria-label="right"
        class="anticon anticon-right ant-think-status-down-icon"
        role="img"
      >
        <svg
          aria-hidden="true"
          data-icon="right"
          fill="currentColor"
          focusable="false"
          height="1em"
          style="-ms-transform:rotate(90deg);transform:rotate(90deg)"
          viewBox="64 64 896 896"
          width="1em"
        >
          <path
            d="M765.7 486.8L314.9 134.7A7.97 7.97 0 00302 141v77.3c0 4.9 2.3 9.6 6.1 12.6l360 281.1-360 281.1c-3.9 3-6.1 7.7-6.1 12.6V883c0 6.7 7.7 10.4 12.9 6.3l450.8-352.1a31.96 31.96 0 000-50.4z"
          />
        </svg>
      </span>
    </div>
    <div
      class="ant-think-content"
    >
      Customize status icon.
    </div>
  </div>,
]
`;
